// Jest Snapshot v1, https://goo.gl/fbAQLP

exports[`Button should render button 1`] = `
<button
  class="btn "
  type="button"
>
  button
</button>
`;

exports[`Button should render button 2`] = `null`;

exports[`Button should render with text 1`] = `
<button
  class="btn "
  type="button"
>
  button
</button>
`;

exports[`Button should render with text 2`] = `null`;
